Drugs to prevent heart damage in cancer patients receiving anthracyclines Anthracyclines are among the most effective chemotherapy treatments available for various types of cancer.
However, there is a risk of damage to the heart (cardiotoxicity) depending on the cumulative dose.
Certain drugs might prevent this damage, but for many of these drugs, the review authors found no high quality evidence about whether they were effective in protecting the heart and they were unable to draw conclusions.
For dexrazoxane, the review authors found 10 studies enrolling over 1600 patients.
These studies provided evidence that dexrazoxane prevented heart damage without interfering with the anti‐tumour effects of anthracycline treatment.
Patients who got dexrazoxane with their anthracycline treatment had about one third of the risk of heart failure compared to patients who got anthracyclines without dexrazoxane.
Dexrazoxane had no effect on survival.
We can't be sure about whether it had any undesirable side effects.